------------------------------------------------------------
Timing Analyzer Summary
------------------------------------------------------------

Type  : Slow 1100mV 85C Model Setup 'video_controller:VGA|horizontal_counter:vga_horizontal|h_Count_Value[0]'
Slack : -18.331
TNS   : -263.545

Type  : Slow 1100mV 85C Model Setup 'CLOCK_50'
Slack : -6.918
TNS   : -18181.364

Type  : Slow 1100mV 85C Model Setup 'video_controller:VGA|clock_divider:vga_clock_gen|divided_clk'
Slack : -2.958
TNS   : -87.437

Type  : Slow 1100mV 85C Model Hold 'video_controller:VGA|clock_divider:vga_clock_gen|divided_clk'
Slack : 0.279
TNS   : 0.000

Type  : Slow 1100mV 85C Model Hold 'CLOCK_50'
Slack : 0.466
TNS   : 0.000

Type  : Slow 1100mV 85C Model Hold 'video_controller:VGA|horizontal_counter:vga_horizontal|h_Count_Value[0]'
Slack : 0.881
TNS   : 0.000

Type  : Slow 1100mV 85C Model Minimum Pulse Width 'video_controller:VGA|horizontal_counter:vga_horizontal|h_Count_Value[0]'
Slack : -3.088
TNS   : -303.699

Type  : Slow 1100mV 85C Model Minimum Pulse Width 'CLOCK_50'
Slack : -2.174
TNS   : -10208.229

Type  : Slow 1100mV 85C Model Minimum Pulse Width 'video_controller:VGA|clock_divider:vga_clock_gen|divided_clk'
Slack : -0.394
TNS   : -20.272

Type  : Slow 1100mV 0C Model Setup 'video_controller:VGA|horizontal_counter:vga_horizontal|h_Count_Value[0]'
Slack : -17.961
TNS   : -258.808

Type  : Slow 1100mV 0C Model Setup 'CLOCK_50'
Slack : -6.606
TNS   : -17244.633

Type  : Slow 1100mV 0C Model Setup 'video_controller:VGA|clock_divider:vga_clock_gen|divided_clk'
Slack : -3.033
TNS   : -86.011

Type  : Slow 1100mV 0C Model Hold 'video_controller:VGA|clock_divider:vga_clock_gen|divided_clk'
Slack : 0.282
TNS   : 0.000

Type  : Slow 1100mV 0C Model Hold 'CLOCK_50'
Slack : 0.457
TNS   : 0.000

Type  : Slow 1100mV 0C Model Hold 'video_controller:VGA|horizontal_counter:vga_horizontal|h_Count_Value[0]'
Slack : 0.567
TNS   : 0.000

Type  : Slow 1100mV 0C Model Minimum Pulse Width 'video_controller:VGA|horizontal_counter:vga_horizontal|h_Count_Value[0]'
Slack : -3.108
TNS   : -296.747

Type  : Slow 1100mV 0C Model Minimum Pulse Width 'CLOCK_50'
Slack : -2.174
TNS   : -10183.084

Type  : Slow 1100mV 0C Model Minimum Pulse Width 'video_controller:VGA|clock_divider:vga_clock_gen|divided_clk'
Slack : -0.394
TNS   : -20.151

Type  : Fast 1100mV 85C Model Setup 'video_controller:VGA|horizontal_counter:vga_horizontal|h_Count_Value[0]'
Slack : -11.645
TNS   : -165.494

Type  : Fast 1100mV 85C Model Setup 'CLOCK_50'
Slack : -4.383
TNS   : -11310.217

Type  : Fast 1100mV 85C Model Setup 'video_controller:VGA|clock_divider:vga_clock_gen|divided_clk'
Slack : -1.896
TNS   : -46.807

Type  : Fast 1100mV 85C Model Hold 'video_controller:VGA|clock_divider:vga_clock_gen|divided_clk'
Slack : 0.094
TNS   : 0.000

Type  : Fast 1100mV 85C Model Hold 'CLOCK_50'
Slack : 0.260
TNS   : 0.000

Type  : Fast 1100mV 85C Model Hold 'video_controller:VGA|horizontal_counter:vga_horizontal|h_Count_Value[0]'
Slack : 0.484
TNS   : 0.000

Type  : Fast 1100mV 85C Model Minimum Pulse Width 'CLOCK_50'
Slack : -2.174
TNS   : -10318.340

Type  : Fast 1100mV 85C Model Minimum Pulse Width 'video_controller:VGA|horizontal_counter:vga_horizontal|h_Count_Value[0]'
Slack : -1.638
TNS   : -140.538

Type  : Fast 1100mV 85C Model Minimum Pulse Width 'video_controller:VGA|clock_divider:vga_clock_gen|divided_clk'
Slack : 0.008
TNS   : 0.000

Type  : Fast 1100mV 0C Model Setup 'video_controller:VGA|horizontal_counter:vga_horizontal|h_Count_Value[0]'
Slack : -10.368
TNS   : -147.237

Type  : Fast 1100mV 0C Model Setup 'CLOCK_50'
Slack : -3.763
TNS   : -9689.408

Type  : Fast 1100mV 0C Model Setup 'video_controller:VGA|clock_divider:vga_clock_gen|divided_clk'
Slack : -1.733
TNS   : -41.879

Type  : Fast 1100mV 0C Model Hold 'video_controller:VGA|clock_divider:vga_clock_gen|divided_clk'
Slack : 0.081
TNS   : 0.000

Type  : Fast 1100mV 0C Model Hold 'CLOCK_50'
Slack : 0.240
TNS   : 0.000

Type  : Fast 1100mV 0C Model Hold 'video_controller:VGA|horizontal_counter:vga_horizontal|h_Count_Value[0]'
Slack : 0.477
TNS   : 0.000

Type  : Fast 1100mV 0C Model Minimum Pulse Width 'CLOCK_50'
Slack : -2.174
TNS   : -10500.833

Type  : Fast 1100mV 0C Model Minimum Pulse Width 'video_controller:VGA|horizontal_counter:vga_horizontal|h_Count_Value[0]'
Slack : -1.445
TNS   : -118.602

Type  : Fast 1100mV 0C Model Minimum Pulse Width 'video_controller:VGA|clock_divider:vga_clock_gen|divided_clk'
Slack : 0.034
TNS   : 0.000

------------------------------------------------------------
